17:49:30 1280600K
17:49:31 1283072K
17:49:32 1283072K
17:49:33 1283072K
17:49:34 1285444K
17:49:35 1285444K
17:49:36 1287916K
17:49:37 1287916K
17:49:38 1287916K
17:49:39 1290288K
17:49:40 1290288K
17:49:41 1292712K
17:49:42 1292712K
17:49:43 1292712K
17:49:44 1295132K
17:49:45 1295132K
17:49:46 1297556K
17:49:47 1297556K
17:49:48 1297556K
17:49:49 1300024K
17:49:50 1300024K
17:49:51 1302400K
17:49:52 1302400K
17:49:53 1302400K
17:49:54 1304872K
17:49:55 1304872K
17:49:56 1304872K
17:49:57 1307244K
17:49:59 1307244K
17:50:00 1309668K
17:50:01 1309668K
17:50:02 1309668K
17:50:03 1312088K
17:50:04 1312088K
17:50:05 1312088K
17:50:06 1314512K
17:50:07 1314512K
17:50:08 1316980K
17:50:09 1316980K
17:50:10 1316980K
17:50:11 1319356K
17:50:12 1319356K
17:50:13 1319356K
17:50:14 1321828K
17:50:15 1321828K
17:50:16 1324200K
17:50:17 1324200K
17:50:18 1324200K
17:50:19 1326672K
17:50:20 1326672K
17:50:21 1326672K
17:50:22 1329044K
17:50:23 1329044K
17:50:24 1331468K
17:50:25 1331468K
17:50:26 1331468K
17:50:27 1333888K
17:50:28 1333888K
17:50:29 1336312K
17:50:30 1336312K
17:50:31 1336312K
17:50:32 1338780K
17:50:33 1338780K
17:50:34 1341156K
17:50:35 1341156K
17:50:36 1341156K
17:50:37 1343628K
17:50:38 1343628K
17:50:39 1343628K
17:50:40 1346000K
17:50:41 1346000K
17:50:42 1348472K
17:50:43 1348472K
17:50:44 1348472K
17:50:45 1350844K
17:50:46 1350844K
17:50:47 1353268K
17:50:48 1353268K
17:50:49 1353268K
17:50:50 1355736K
17:50:51 1355736K
17:50:52 1358112K
17:50:53 1358112K
17:50:54 1358112K
17:50:55 1360584K
17:50:56 1360584K
17:50:57 1362956K
17:50:58 1362956K
17:50:59 1362956K
17:51:00 1365428K
17:51:01 1365428K
17:51:02 1367800K
17:51:03 1367800K
17:51:04 1367800K
17:51:05 1370224K
17:51:06 1370224K
17:51:07 1372644K
17:51:08 1372644K
17:51:09 1372644K
17:51:10 1375068K
17:51:11 1375068K
17:51:12 1377536K
17:51:13 1377536K
17:51:14 1377536K
17:51:15 1379912K
17:51:16 1379912K
17:51:17 1379912K
17:51:18 1382384K
17:51:20 1382384K
17:51:21 1384756K
17:51:22 1384756K
17:51:23 1387228K
17:51:24 1387228K
17:51:25 1387228K
17:51:26 1389600K
17:51:27 1389600K
17:51:28 1392024K
17:51:29 1392024K
17:51:30 1392024K
17:51:31 1394444K
17:51:32 1394444K
17:51:33 1396868K
17:51:34 1396868K
17:51:35 1399336K
17:51:36 1399336K
17:51:37 1399336K
17:51:38 1401712K
17:51:39 1401712K
17:51:40 1404184K
17:51:41 1404184K
17:51:42 1404184K
17:51:43 1406556K
17:51:44 1406556K
17:51:45 1408980K
17:51:46 1408980K
17:51:47 1411400K
17:51:48 1411400K
17:51:49 1411400K
17:51:50 1413824K
17:51:51 1413824K
17:51:52 1416244K
17:51:53 1416244K
17:51:54 1418668K
17:51:55 1418668K
17:51:56 1418668K
17:51:57 1421140K
17:51:58 1421140K
17:51:59 1421140K
17:52:00 1423512K
17:52:01 1423512K
17:52:02 1423512K
17:52:03 1425984K
17:52:04 1425984K
17:52:05 1428356K
17:52:06 1428356K
17:52:07 1428356K
17:52:08 1430780K
17:52:09 1430780K
17:52:10 1433200K
17:52:11 1433200K
17:52:12 1433200K
17:52:13 1435624K
17:52:14 1435624K
17:52:15 1435624K
17:52:16 1438092K
17:52:17 1438092K
17:52:18 1438092K
17:52:19 1440468K
17:52:20 1440468K
17:52:21 1442940K
17:52:22 1442940K
17:52:23 1442940K
17:52:24 1445312K
17:52:25 1445312K
17:52:26 1447784K
17:52:27 1447784K
17:52:28 1447784K
17:52:29 1450156K
17:52:30 1450156K
17:52:31 1452580K
17:52:32 1452580K
17:52:33 1452580K
17:52:34 1455000K
17:52:35 1455000K
17:52:36 1457424K
17:52:37 1457424K
17:52:38 1457424K
17:52:39 1459892K
17:52:40 1459892K
17:52:42 1462268K
17:52:43 1462268K
17:52:44 1464740K
17:52:45 1464740K
17:52:46 1464740K
17:52:47 1467112K
17:52:48 1467112K
17:52:49 1469536K
17:52:50 1469536K
17:52:51 1469536K
17:52:52 1471956K
17:52:53 1471956K
17:52:54 1474380K
17:52:55 1474380K
17:52:56 1474380K
17:52:57 1476848K
17:52:58 1476848K
17:52:59 1476848K
17:53:00 1479224K
17:53:01 1479224K
17:53:02 1479224K
17:53:03 1481696K
17:53:04 1481696K
17:53:05 1484068K
17:53:06 1484068K
17:53:07 1484068K
17:53:08 1486540K
17:53:09 1486540K
17:53:10 1488912K
17:53:11 1488912K
17:53:12 1488912K
17:53:13 1491336K
17:53:14 1491336K
17:53:15 1491336K
17:53:16 1493756K
17:53:17 1493756K
17:53:18 1496180K
17:53:19 1496180K
17:53:20 1496180K
17:53:21 1498648K
17:53:22 1498648K
17:53:23 1501024K
17:53:24 1501024K
17:53:25 1501024K
17:53:26 1503496K
17:53:27 1503496K
17:53:28 1505868K
17:53:29 1505868K
17:53:30 1505868K
17:53:31 1508340K
17:53:32 1508340K
17:53:33 1508340K
17:53:34 1510712K
17:53:35 1510712K
17:53:36 1513136K
17:53:37 1513136K
17:53:38 1513136K
17:53:39 1515604K
17:53:40 1515604K
17:53:41 1517980K
17:53:42 1517980K
17:53:43 1517980K
17:53:44 1520452K
17:53:45 1520452K
17:53:46 1520452K
17:53:47 1522824K
17:53:48 1522824K
17:53:49 1525296K
17:53:50 1525296K
17:53:51 1525296K
17:53:52 1527668K
17:53:53 1527668K
17:53:54 1527668K
17:53:55 1530092K
17:53:56 1530092K
17:53:57 1532512K
17:53:58 1532512K
17:53:59 1534936K
17:54:00 1534936K
17:54:01 1534936K
17:54:03 1537404K
17:54:04 1537404K
17:54:05 1537404K
17:54:06 1539780K
17:54:07 1539780K
17:54:08 1539780K
17:54:09 1542252K
17:54:10 1542252K
17:54:11 1542252K
17:54:12 1544624K
17:54:13 1544624K
17:54:14 1547096K
17:54:15 1547096K
17:54:16 1547096K
17:54:17 1549468K
17:54:18 1549468K
17:54:19 1549468K
17:54:20 1551892K
17:54:21 1551892K
17:54:22 1554312K
17:54:23 1554312K
17:54:24 1554312K
17:54:25 1556736K
17:54:26 1556736K
17:54:27 1559204K
17:54:28 1559204K
17:54:29 1559204K
17:54:30 1561580K
17:54:31 1561580K
17:54:32 1564052K
17:54:33 1564052K
17:54:34 1564052K
17:54:35 1566424K
17:54:36 1566424K
17:54:37 1568848K
17:54:38 1568848K
17:54:39 1568848K
17:54:40 1571268K
17:54:41 1571268K
17:54:42 1573692K
17:54:43 1573692K
17:54:44 1576112K
17:54:45 1576112K
17:54:46 1576112K
17:54:47 1578536K
17:54:48 1578536K
17:54:49 1578536K
17:54:50 1581008K
17:54:51 1581008K
17:54:52 1583380K
17:54:53 1583380K
17:54:54 1583380K
17:54:55 1585852K
17:54:56 1585852K
17:54:57 1585852K
17:54:58 1588224K
17:54:59 1588224K
17:55:00 1590648K
17:55:01 1590648K
17:55:02 1590648K
17:55:03 1593068K
17:55:04 1593068K
17:55:05 1595492K
17:55:06 1595492K
17:55:07 1595492K
17:55:08 1597960K
17:55:09 1597960K
17:55:10 1600336K
17:55:11 1600336K
17:55:12 1602808K
17:55:13 1602808K
17:55:14 1602808K
17:55:15 1605180K
17:55:16 1605180K
17:55:17 1607652K
17:55:18 1607652K
17:55:19 1607652K
17:55:20 1610024K
17:55:21 1610024K
17:55:22 1612448K
17:55:23 1612448K
17:55:25 1612448K
17:55:26 1614868K
17:55:27 1614868K
17:55:28 1614868K
17:55:29 1617292K
17:55:30 1617292K
17:55:31 1619760K
17:55:32 1619760K
17:55:33 1619760K
17:55:34 1622136K
17:55:35 1622136K
17:55:36 1622136K
17:55:37 1624608K
17:55:38 1624608K
17:55:39 1626980K
17:55:40 1626980K
17:55:41 1626980K
17:55:42 1629404K
17:55:43 1629404K
17:55:44 1631824K
17:55:45 1631824K
17:55:46 1634248K
17:55:47 1634248K
17:55:48 1634248K
17:55:49 1636716K
17:55:50 1636716K
17:55:51 1639092K
17:55:52 1639092K
17:55:53 1639092K
17:55:54 1641564K
17:55:55 1641564K
17:55:56 1643936K
17:55:57 1643936K
17:55:58 1643936K
17:55:59 1646408K
17:56:00 1646408K
17:56:01 1648780K
17:56:02 1648780K
17:56:03 1648780K
17:56:04 1651204K
17:56:05 1651204K
17:56:06 1653624K
17:56:07 1653624K
17:56:08 1653624K
17:56:09 1656048K
17:56:10 1656048K
17:56:11 1658516K
17:56:12 1658516K
17:56:13 1658516K
17:56:14 1660892K
17:56:15 1660892K
17:56:16 1663364K
17:56:17 1663364K
17:56:18 1663364K
17:56:19 1665736K
17:56:20 1665736K
17:56:21 1668208K
17:56:22 1668208K
17:56:23 1668208K
17:56:24 1670580K
17:56:25 1670580K
17:56:26 1673004K
17:56:27 1673004K
17:56:28 1673004K
17:56:29 1675424K
17:56:30 1675424K
17:56:31 1677848K
